<area shape="rect" id="node13" href="$interface___c_p_fill_color.html" title="Draws CPColor area fills." alt="" coords="107,237,205,267">
<area shape="rect" id="node15" href="$interface___c_p_fill_gradient.html" title="Draws CPGradient area fills." alt="" coords="229,237,352,267">
<area shape="rect" id="node17" href="$interface___c_p_fill_image.html" title="Draws CPImage area fills." alt="" coords="376,237,483,267">
<area shape="rect" id="node2" href="doxygen-cocoa-tags.xml$http://developer.apple.com/documentation/Cocoa/Reference/Foundation/Classes/NSObject_Class/Reference/Reference.html" title="NSObject" alt="" coords="120,83,205,112">
<area shape="rect" id="node4" href="doxygen-cocoa-tags.xml$http://developer.apple.com/documentation/Cocoa/Reference/Foundation/Protocols/NSObject_Protocol/Reference/NSObject.html" title="\&lt; NSObject \&gt;" alt="" coords="5,5,120,35">
<area shape="rect" id="node6" href="doxygen-cocoa-tags.xml$http://developer.apple.com/documentation/Cocoa/Reference/ApplicationKit/Protocols/NSKeyValueBindingCreation_Protocol/Reference/Reference.html" title="\&lt; NSKeyValueBindingCreation \&gt;" alt="" coords="144,5,381,35">
<area shape="rect" id="node8" href="doxygen-cocoa-tags.xml$http://developer.apple.com/documentation/Cocoa/Reference/Foundation/Protocols/NSCopying_Protocol/Reference/Reference.html" title="\&lt; NSCopying \&gt;" alt="" coords="229,83,352,112">
<area shape="rect" id="node10" href="doxygen-cocoa-tags.xml$http://developer.apple.com/documentation/Cocoa/Reference/Foundation/Protocols/NSCoding_Protocol/Reference/Reference.html" title="\&lt; NSCoding \&gt;" alt="" coords="376,83,491,112">
