<area shape="rect" id="node2" href="$interface_c_p_plot_space.html" title="Defines the coordinate system of a plot." alt="" coords="201,160,308,189">
<area shape="rect" id="node4" href="doxygen-cocoa-tags.xml$http://developer.apple.com/documentation/Cocoa/Reference/Foundation/Classes/NSObject_Class/Reference/Reference.html" title="NSObject" alt="" coords="144,83,229,112">
<area shape="rect" id="node6" href="doxygen-cocoa-tags.xml$http://developer.apple.com/documentation/Cocoa/Reference/Foundation/Protocols/NSObject_Protocol/Reference/NSObject.html" title="\&lt; NSObject \&gt;" alt="" coords="267,5,381,35">
<area shape="rect" id="node10" href="$protocol_c_p_responder-p.html" title="The basis of all event processing in Core Plot." alt="" coords="253,83,395,112">
<area shape="rect" id="node8" href="doxygen-cocoa-tags.xml$http://developer.apple.com/documentation/Cocoa/Reference/ApplicationKit/Protocols/NSKeyValueBindingCreation_Protocol/Reference/Reference.html" title="\&lt; NSKeyValueBindingCreation \&gt;" alt="" coords="5,5,243,35">
