<area shape="rect" id="node2" href="$interface_c_p_layer.html" title="Base class for all Core Animation layers in Core Plot." alt="" coords="179,288,256,317">
<area shape="rect" id="node4" href="doxygen-cocoa-tags.xml$http://developer.apple.com/documentation/GraphicsImaging/Reference/CALayer_class/Introduction/Introduction.html" title="CALayer" alt="" coords="179,192,256,221">
<area shape="rect" id="node6" href="doxygen-cocoa-tags.xml$http://developer.apple.com/documentation/Cocoa/Reference/Foundation/Classes/NSObject_Class/Reference/Reference.html" title="NSObject" alt="" coords="100,85,185,115">
<area shape="rect" id="node8" href="doxygen-cocoa-tags.xml$http://developer.apple.com/documentation/Cocoa/Reference/Foundation/Protocols/NSObject_Protocol/Reference/NSObject.html" title="\&lt; NSObject \&gt;" alt="" coords="5,5,120,35">
<area shape="rect" id="node16" href="$protocol_c_p_responder-p.html" title="The basis of all event processing in Core Plot." alt="" coords="8,139,149,168">
<area shape="rect" id="node10" href="doxygen-cocoa-tags.xml$http://developer.apple.com/documentation/Cocoa/Reference/ApplicationKit/Protocols/NSKeyValueBindingCreation_Protocol/Reference/Reference.html" title="\&lt; NSKeyValueBindingCreation \&gt;" alt="" coords="144,5,381,35">
<area shape="rect" id="node12" href="doxygen-cocoa-tags.xml$http://developer.apple.com/documentation/Cocoa/Reference/Foundation/Protocols/NSCoding_Protocol/Reference/Reference.html" title="\&lt; NSCoding \&gt;" alt="" coords="209,85,324,115">
<area shape="rect" id="node14" href="doxygen-cocoa-tags.xml$http://developer.apple.com/documentation/GraphicsImaging/Reference/CAMediaTiming_protocol/Introduction/Introduction.html" title="\&lt; CAMediaTiming \&gt;" alt="" coords="348,85,500,115">
<area shape="rect" id="node19" href="doxygen-cocoa-tags.xml$http://developer.apple.com/mac/library/documentation/Cocoa/Reference/ObjCRuntimeRef/Reference/reference.html" title="BOOL" alt="" coords="280,192,341,221">
