<area shape="rect" id="node2" href="$interface_c_p_annotation.html" title="An annotation positions a content layer relative to some anchor point." alt="" coords="56,165,171,195">
<area shape="rect" id="node4" href="doxygen-cocoa-tags.xml$http://developer.apple.com/documentation/Cocoa/Reference/Foundation/Classes/NSObject_Class/Reference/Reference.html" title="NSObject" alt="" coords="120,85,205,115">
<area shape="rect" id="node10" href="$interface_c_p_constrained_position.html" title="Implements a spring and strut positioning algorithm for one dimension." alt="" coords="195,165,368,195">
<area shape="rect" id="node6" href="doxygen-cocoa-tags.xml$http://developer.apple.com/documentation/Cocoa/Reference/Foundation/Protocols/NSObject_Protocol/Reference/NSObject.html" title="\&lt; NSObject \&gt;" alt="" coords="5,5,120,35">
<area shape="rect" id="node8" href="doxygen-cocoa-tags.xml$http://developer.apple.com/documentation/Cocoa/Reference/ApplicationKit/Protocols/NSKeyValueBindingCreation_Protocol/Reference/Reference.html" title="\&lt; NSKeyValueBindingCreation \&gt;" alt="" coords="144,5,381,35">
