<area shape="rect" id="node2" href="$interface_c_p_plot_space.html" title="Defines the coordinate system of a plot." alt="" coords="64,165,171,195">
<area shape="rect" id="node4" href="doxygen-cocoa-tags.xml$http://developer.apple.com/documentation/Cocoa/Reference/Foundation/Classes/NSObject_Class/Reference/Reference.html" title="NSObject" alt="" coords="171,85,256,115">
<area shape="rect" id="node6" href="doxygen-cocoa-tags.xml$http://developer.apple.com/documentation/Cocoa/Reference/Foundation/Protocols/NSObject_Protocol/Reference/NSObject.html" title="\&lt; NSObject \&gt;" alt="" coords="19,5,133,35">
<area shape="rect" id="node10" href="$protocol_c_p_responder-p.html" title="The basis of all event processing in Core Plot." alt="" coords="5,85,147,115">
<area shape="rect" id="node8" href="doxygen-cocoa-tags.xml$http://developer.apple.com/documentation/Cocoa/Reference/ApplicationKit/Protocols/NSKeyValueBindingCreation_Protocol/Reference/Reference.html" title="\&lt; NSKeyValueBindingCreation \&gt;" alt="" coords="157,5,395,35">
<area shape="rect" id="node13" href="doxygen-cocoa-tags.xml$http://developer.apple.com/mac/library/documentation/Cocoa/Reference/ObjCRuntimeRef/Reference/reference.html" title="BOOL" alt="" coords="195,165,256,195">
<area shape="rect" id="node15" href="doxygen-cocoa-tags.xml$http://developer.apple.com/documentation/GraphicsImaging/Reference/CGGeometry/Reference/reference.html.html#//apple_ref/doc/c_ref/CGPoint" title="CGPoint" alt="" coords="288,165,363,195">
