<area shape="rect" id="node2" href="$interface_c_p_fill.html" title="Draws area fills." alt="" coords="167,160,223,189">
<area shape="rect" id="node4" href="doxygen-cocoa-tags.xml$http://developer.apple.com/documentation/Cocoa/Reference/Foundation/Classes/NSObject_Class/Reference/Reference.html" title="NSObject" alt="" coords="152,83,237,112">
<area shape="rect" id="node6" href="doxygen-cocoa-tags.xml$http://developer.apple.com/documentation/Cocoa/Reference/Foundation/Protocols/NSObject_Protocol/Reference/NSObject.html" title="\&lt; NSObject \&gt;" alt="" coords="37,5,152,35">
<area shape="rect" id="node8" href="doxygen-cocoa-tags.xml$http://developer.apple.com/documentation/Cocoa/Reference/ApplicationKit/Protocols/NSKeyValueBindingCreation_Protocol/Reference/Reference.html" title="\&lt; NSKeyValueBindingCreation \&gt;" alt="" coords="176,5,413,35">
<area shape="rect" id="node10" href="doxygen-cocoa-tags.xml$http://developer.apple.com/documentation/Cocoa/Reference/Foundation/Protocols/NSCopying_Protocol/Reference/Reference.html" title="\&lt; NSCopying \&gt;" alt="" coords="5,83,128,112">
<area shape="rect" id="node12" href="doxygen-cocoa-tags.xml$http://developer.apple.com/documentation/Cocoa/Reference/Foundation/Protocols/NSCoding_Protocol/Reference/Reference.html" title="\&lt; NSCoding \&gt;" alt="" coords="261,83,376,112">
