<area shape="rect" id="node3" href="$_c_p_layer_8h_source.html" title="Source/CPLayer.h" alt="" coords="1625,83,1764,112">
<area shape="rect" id="node5" href="$_c_p_platform_specific_categories_8h_source.html" title="MacOnly/CPPlatformSpecificCategories.h" alt="" coords="391,160,689,189">
<area shape="rect" id="node7" href="$_c_p_annotation_host_layer_8h_source.html" title="Source/CPAnnotationHostLayer.h" alt="" coords="713,160,959,189">
<area shape="rect" id="node13" href="$_c_p_plot_area_8h_source.html" title="Source/CPPlotArea.h" alt="" coords="365,392,525,421">
<area shape="rect" id="node32" href="$_c_p_axis_8h.html" title="Source/CPAxis.h" alt="" coords="1341,160,1469,189">
<area shape="rect" id="node36" href="$_c_p_axis_label_group_8h_source.html" title="Source/CPAxisLabelGroup.h" alt="" coords="1493,160,1696,189">
<area shape="rect" id="node38" href="$_c_p_axis_set_8h_source.html" title="Source/CPAxisSet.h" alt="" coords="1720,160,1872,189">
<area shape="rect" id="node42" href="$_c_p_grid_lines_8h_source.html" title="Source/CPGridLines.h" alt="" coords="1896,160,2059,189">
<area shape="rect" id="node45" href="$_c_p_text_layer_8h.html" title="Source/CPTextLayer.h" alt="" coords="2083,160,2253,189">
<area shape="rect" id="node47" href="$_c_p_grid_line_group_8h_source.html" title="Source/CPGridLineGroup.h" alt="" coords="2277,160,2472,189">
<area shape="rect" id="node49" href="$_c_p_plot_group_8h_source.html" title="Source/CPPlotGroup.h" alt="" coords="2496,160,2664,189">
<area shape="rect" id="node9" href="$_c_p_bordered_layer_8h_source.html" title="Source/CPBorderedLayer.h" alt="" coords="207,237,407,267">
<area shape="rect" id="node22" href="$_c_p_plot_8h_source.html" title="Source/CPPlot.h" alt="" coords="772,237,900,267">
<area shape="rect" id="node11" href="$_c_p_graph_8h.html" title="Source/CPGraph.h" alt="" coords="40,315,181,344">
<area shape="rect" id="node19" href="$_c_p_plot_area_frame_8h_source.html" title="Source/CPPlotAreaFrame.h" alt="" coords="205,315,408,344">
<area shape="rect" id="node15" href="$_c_p_x_y_graph_8h_source.html" title="Source/CPXYGraph.h" alt="" coords="32,392,189,421">
<area shape="rect" id="node17" href="$_c_p_derived_x_y_graph_8h_source.html" title="Source/CPDerivedXYGraph.h" alt="" coords="5,469,216,499">
<area shape="rect" id="node24" href="$_c_p_bar_plot_8h.html" title="Source/CPBarPlot.h" alt="" coords="483,315,635,344">
<area shape="rect" id="node26" href="$_c_p_pie_chart_8h.html" title="Source/CPPieChart.h" alt="" coords="659,315,819,344">
<area shape="rect" id="node28" href="$_c_p_scatter_plot_8h.html" title="Source/CPScatterPlot.h" alt="" coords="843,315,1024,344">
<area shape="rect" id="node30" href="$_c_p_trading_range_plot_8h.html" title="Source/CPTradingRangePlot.h" alt="" coords="1048,315,1267,344">
<area shape="rect" id="node34" href="$_c_p_x_y_axis_8h_source.html" title="Source/CPXYAxis.h" alt="" coords="1341,237,1485,267">
<area shape="rect" id="node40" href="$_c_p_x_y_axis_set_8h_source.html" title="Source/CPXYAxisSet.h" alt="" coords="1712,237,1880,267">
