<area shape="rect" id="node3" href="$_c_p_platform_specific_functions_8h.html" title="MacOnly/CPPlatformSpecificFunctions.h" alt="" coords="5,83,293,112">
<area shape="rect" id="node5" href="$_c_p_gradient_8h.html" title="Source/CPGradient.h" alt="" coords="317,83,477,112">
<area shape="rect" id="node7" href="$_c_p_axis_8h.html" title="Source/CPAxis.h" alt="" coords="501,83,629,112">
<area shape="rect" id="node9" href="$_c_p_x_y_axis_8h_source.html" title="Source/CPXYAxis.h" alt="" coords="516,160,660,189">
<area shape="rect" id="node11" href="$_c_p_axis_label_8h_source.html" title="Source/CPAxisLabel.h" alt="" coords="704,83,869,112">
<area shape="rect" id="node15" href="$_c_p_plot_range_8h.html" title="Source/CPPlotRange.h" alt="" coords="995,83,1165,112">
<area shape="rect" id="node17" href="$_c_p_plot_8h_source.html" title="Source/CPPlot.h" alt="" coords="1052,160,1180,189">
<area shape="rect" id="node19" href="$_c_p_bar_plot_8h.html" title="Source/CPBarPlot.h" alt="" coords="701,237,853,267">
<area shape="rect" id="node21" href="$_c_p_pie_chart_8h.html" title="Source/CPPieChart.h" alt="" coords="877,237,1037,267">
<area shape="rect" id="node23" href="$_c_p_scatter_plot_8h.html" title="Source/CPScatterPlot.h" alt="" coords="1061,237,1243,267">
<area shape="rect" id="node25" href="$_c_p_trading_range_plot_8h.html" title="Source/CPTradingRangePlot.h" alt="" coords="1267,237,1485,267">
<area shape="rect" id="node27" href="$_c_p_graph_8h.html" title="Source/CPGraph.h" alt="" coords="1341,83,1483,112">
<area shape="rect" id="node31" href="$_c_p_x_y_graph_8h_source.html" title="Source/CPXYGraph.h" alt="" coords="1525,160,1683,189">
<area shape="rect" id="node35" href="$_c_p_utilities_8h.html" title="Source/CPUtilities.h" alt="" coords="1557,83,1709,112">
<area shape="rect" id="node38" href="$_c_p_x_y_plot_space_8h_source.html" title="Source/CPXYPlotSpace.h" alt="" coords="1707,160,1893,189">
<area shape="rect" id="node40" href="$_c_p_constrained_position_8h_source.html" title="Source/CPConstrainedPosition.h" alt="" coords="2056,83,2291,112">
<area shape="rect" id="node48" href="$_c_p_plot_space_8h_source.html" title="Source/CPPlotSpace.h" alt="" coords="1784,83,1955,112">
<area shape="rect" id="node13" href="$_c_p_axis_title_8h_source.html" title="Source/CPAxisTitle.h" alt="" coords="707,160,867,189">
<area shape="rect" id="node29" href="$_c_p_plot_area_8h_source.html" title="Source/CPPlotArea.h" alt="" coords="1341,160,1501,189">
<area shape="rect" id="node33" href="$_c_p_derived_x_y_graph_8h_source.html" title="Source/CPDerivedXYGraph.h" alt="" coords="1509,237,1720,267">
<area shape="rect" id="node42" href="$_c_p_layer_annotation_8h_source.html" title="Source/CPLayerAnnotation.h" alt="" coords="2144,160,2357,189">
<area shape="rect" id="node50" href="$_c_p_polar_plot_space_8h_source.html" title="Source/CPPolarPlotSpace.h" alt="" coords="1917,160,2120,189">
