<area shape="rect" id="node9" href="$interface_c_p_layer_annotation.html" title="Positions a content layer relative to some anchor point in a reference layer." alt="" coords="5,237,157,267">
<area shape="rect" id="node11" href="$interface_c_p_plot_space_annotation.html" title="Positions a content layer relative to some anchor point in a plot space." alt="" coords="181,237,363,267">
<area shape="rect" id="node2" href="doxygen-cocoa-tags.xml$http://developer.apple.com/documentation/Cocoa/Reference/Foundation/Classes/NSObject_Class/Reference/Reference.html" title="NSObject" alt="" coords="133,83,219,112">
<area shape="rect" id="node4" href="doxygen-cocoa-tags.xml$http://developer.apple.com/documentation/Cocoa/Reference/Foundation/Protocols/NSObject_Protocol/Reference/NSObject.html" title="\&lt; NSObject \&gt;" alt="" coords="19,5,133,35">
<area shape="rect" id="node6" href="doxygen-cocoa-tags.xml$http://developer.apple.com/documentation/Cocoa/Reference/ApplicationKit/Protocols/NSKeyValueBindingCreation_Protocol/Reference/Reference.html" title="\&lt; NSKeyValueBindingCreation \&gt;" alt="" coords="157,5,395,35">
